// Jest Snapshot v1, https://goo.gl/fbAQLP

exports[`SuperPlaceholder renders properly 1`] = `<input placeholder="">`;
